// Jest Snapshot v1, https://goo.gl/fbAQLP

exports[`SignIn Screen test SignIn screen matches snapshot 1`] = `
<View
  style={
    Array [
      Object {
        "backgroundColor": undefined,
        "flex": 1,
        "justifyContent": "center",
      },
      Object {
        "padding": 48,
      },
    ]
  }
>
  <StatusBar
    barStyle="light-content"
  />
  <Text
    style={
      Array [
        Object {
          "color": "#DDDDDD",
          "fontSize": 30,
          "fontWeight": "bold",
        },
        Object {
          "color": "#E4F96A",
          "textAlign": "left",
        },
      ]
    }
  >
    SIGN IN:
  </Text>
  <Text
    style={
      Array [
        Object {
          "color": "#DDDDDD",
          "fontSize": 18,
          "fontWeight": "300",
        },
        Object {
          "color": "#fa0505",
          "marginVertical": 24,
        },
      ]
    }
  />
  <View
    style={
      Object {
        "backgroundColor": "#505050",
        "borderRadius": 8,
        "flexDirection": "row",
        "height": 40,
        "marginBottom": 30,
      }
    }
  >
    <EmailIcon
      style={
        Object {
          "marginLeft": 13,
          "marginTop": 7,
        }
      }
    />
    <TextInput
      onChangeText={[Function]}
      placeholder="Email"
      placeholderTextColor="#AAAAAA"
      style={
        Object {
          "backgroundColor": "#505050",
          "borderColor": "#505050",
          "borderRadius": 8,
          "color": "#DDDDDD",
          "fontSize": 14,
          "height": 40,
          "marginLeft": 0,
          "marginRight": 5,
          "padding": 10,
          "width": 200,
        }
      }
    />
  </View>
  <View
    style={
      Object {
        "backgroundColor": "#505050",
        "borderRadius": 8,
        "flexDirection": "row",
        "height": 40,
      }
    }
  >
    <KeyIcon
      style={
        Object {
          "marginLeft": 13,
          "marginTop": 7,
        }
      }
    />
    <TextInput
      onChangeText={[Function]}
      placeholder="Password"
      placeholderTextColor="#AAAAAA"
      secureTextEntry={true}
      style={
        Object {
          "backgroundColor": "#505050",
          "borderColor": "#505050",
          "borderRadius": 8,
          "color": "#DDDDDD",
          "fontSize": 14,
          "height": 40,
          "marginLeft": 0,
          "marginRight": 5,
          "padding": 10,
          "width": 200,
        }
      }
    />
  </View>
  <View
    style={
      Object {
        "alignItems": "center",
        "marginTop": 60,
      }
    }
  >
    <Buttons
      backgroundColor="#E4F96A"
      onPress={[Function]}
      textColor="#13151A"
      title="Sign In"
    />
    <Buttons
      backgroundColor="#505050"
      onPress={[Function]}
      textColor="#DDDDDD"
      title="Sign Up"
    />
  </View>
</View>
`;

exports[`SignIn Screen test SignIn screen matches snapshot after state set 1`] = `
<View
  style={
    Array [
      Object {
        "backgroundColor": undefined,
        "flex": 1,
        "justifyContent": "center",
      },
      Object {
        "padding": 48,
      },
    ]
  }
>
  <StatusBar
    barStyle="light-content"
  />
  <Text
    style={
      Array [
        Object {
          "color": "#DDDDDD",
          "fontSize": 30,
          "fontWeight": "bold",
        },
        Object {
          "color": "#E4F96A",
          "textAlign": "left",
        },
      ]
    }
  >
    SIGN IN:
  </Text>
  <Text
    style={
      Array [
        Object {
          "color": "#DDDDDD",
          "fontSize": 18,
          "fontWeight": "300",
        },
        Object {
          "color": "#fa0505",
          "marginVertical": 24,
        },
      ]
    }
  />
  <View
    style={
      Object {
        "backgroundColor": "#505050",
        "borderRadius": 8,
        "flexDirection": "row",
        "height": 40,
        "marginBottom": 30,
      }
    }
  >
    <EmailIcon
      style={
        Object {
          "marginLeft": 13,
          "marginTop": 7,
        }
      }
    />
    <TextInput
      onChangeText={[Function]}
      placeholder="Email"
      placeholderTextColor="#AAAAAA"
      style={
        Object {
          "backgroundColor": "#505050",
          "borderColor": "#505050",
          "borderRadius": 8,
          "color": "#DDDDDD",
          "fontSize": 14,
          "height": 40,
          "marginLeft": 0,
          "marginRight": 5,
          "padding": 10,
          "width": 200,
        }
      }
    />
  </View>
  <View
    style={
      Object {
        "backgroundColor": "#505050",
        "borderRadius": 8,
        "flexDirection": "row",
        "height": 40,
      }
    }
  >
    <KeyIcon
      style={
        Object {
          "marginLeft": 13,
          "marginTop": 7,
        }
      }
    />
    <TextInput
      onChangeText={[Function]}
      placeholder="Password"
      placeholderTextColor="#AAAAAA"
      secureTextEntry={true}
      style={
        Object {
          "backgroundColor": "#505050",
          "borderColor": "#505050",
          "borderRadius": 8,
          "color": "#DDDDDD",
          "fontSize": 14,
          "height": 40,
          "marginLeft": 0,
          "marginRight": 5,
          "padding": 10,
          "width": 200,
        }
      }
    />
  </View>
  <View
    style={
      Object {
        "alignItems": "center",
        "marginTop": 60,
      }
    }
  >
    <Buttons
      backgroundColor="#E4F96A"
      onPress={[Function]}
      textColor="#13151A"
      title="Sign In"
    />
    <Buttons
      backgroundColor="#505050"
      onPress={[Function]}
      textColor="#DDDDDD"
      title="Sign Up"
    />
  </View>
</View>
`;
